// Jest Snapshot v1, https://goo.gl/fbAQLP

exports[`Testing CounaterApp Must match the snapshot 1`] = `
<div>
  <div>
    CounterApp
  </div>
  <h2>
     
    100
     
  </h2>
  <button>
     
    +1
  </button>
  <button
    aria-label="btn-minus"
  >
    -1
  </button>
  <button>
    Reset
  </button>
</div>
`;
